Analyzing PEERCONNECT-2-main...

warning - lib\screens\group_details_screen.dart:4:8 - Unused import: 'package:peerconnect/services/firestore_service.dart'. Try removing the import directive. - unused_import
   info - lib\screens\profile_screen.dart:350:9 - 'value' is deprecated and shouldn't be used. Use initialValue instead. This will set the initial value for the form field. This feature was deprecated after v3.33.0-1.0.pre. Try replacing the use of the deprecated member with the replacement. - deprecated_member_use
   info - lib\services\firestore_service.dart:60:7 - Don't invoke 'print' in production code. Try using a logging framework. - avoid_print
   info - lib\services\firestore_service.dart:71:7 - Don't invoke 'print' in production code. Try using a logging framework. - avoid_print
   info - lib\services\firestore_service.dart:85:7 - Don't invoke 'print' in production code. Try using a logging framework. - avoid_print
   info - lib\services\firestore_service.dart:105:7 - Don't invoke 'print' in production code. Try using a logging framework. - avoid_print

6 issues found.
